../Core/Src/main.c:85:5:main	360	static
../Core/Src/main.c:239:6:SystemClock_Config	88	static
../Core/Src/main.c:286:13:MX_I2C1_Init	8	static
../Core/Src/main.c:320:13:MX_I2C3_Init	8	static
../Core/Src/main.c:354:13:MX_TIM3_Init	48	static
../Core/Src/main.c:402:13:MX_USART2_UART_Init	8	static
../Core/Src/main.c:435:13:MX_GPIO_Init	48	static
../Core/Src/main.c:478:6:HAL_TIM_PeriodElapsedCallback	16	static
../Core/Src/main.c:489:6:HAL_GPIO_EXTI_Callback	16	static
../Core/Src/main.c:504:6:Error_Handler	4	static,ignoring_inline_asm
